core_cm4.h:1770:22:__NVIC_ClearPendingIRQ	16	static
fsl_clock.h:700:20:CLOCK_EnableClock	24	static
fsl_clock.h:714:20:CLOCK_DisableClock	24	static
fsl_gpio.h:172:24:GPIO_PinRead	24	static
fsl_power.h:113:20:POWER_DisablePD	16	static
fsl_lcdc.h:276:20:LCDC_Start	16	static
fsl_lcdc.h:302:20:LCDC_PowerUp	16	static
main.c:79:6:USB_DeviceClockInit	16	static
main.c:134:13:printSeparator	8	static
main.c:139:13:menuConnectToAP	8	static
main.c:144:13:menuDisconnect	8	static
main.c:150:13:menuUdpServerStart	8	static
main.c:186:13:print_version	96	static
main.c:239:6:chain1_task2	40	static
main.c:278:6:chain1_task1	40	static
main.c:314:6:task_loop	32	static
main.c:369:6:UUniFast	56	static
main.c:384:7:randomValue	24	static
main.c:392:6:CSet_generate	48	static
main.c:406:6:task_main	48	static
main.c:505:6:APP_FillBuffer	32	static
main.c:525:5:main	56	static
