startup_lpc54018.c:400:6:data_init	4	static
startup_lpc54018.c:409:6:bss_init	0	static
startup_lpc54018.c:434:6:ResetISR	8	static
startup_lpc54018.c:538:14:NMI_Handler	0	static
startup_lpc54018.c:542:14:HardFault_Handler	0	static
startup_lpc54018.c:546:14:MemManage_Handler	0	static
startup_lpc54018.c:550:14:BusFault_Handler	0	static
startup_lpc54018.c:554:14:UsageFault_Handler	0	static
startup_lpc54018.c:558:14:SVC_Handler	0	static
startup_lpc54018.c:562:14:DebugMon_Handler	0	static
startup_lpc54018.c:566:14:PendSV_Handler	0	static
startup_lpc54018.c:570:14:SysTick_Handler	0	static
startup_lpc54018.c:578:14:IntDefaultHandler	0	static
startup_lpc54018.c:588:11:WDT_BOD_IRQHandler	8	static
startup_lpc54018.c:592:11:DMA0_IRQHandler	8	static
startup_lpc54018.c:596:11:GINT0_IRQHandler	8	static
startup_lpc54018.c:600:11:GINT1_IRQHandler	8	static
startup_lpc54018.c:604:11:PIN_INT0_IRQHandler	8	static
startup_lpc54018.c:608:11:PIN_INT1_IRQHandler	8	static
startup_lpc54018.c:612:11:PIN_INT2_IRQHandler	8	static
startup_lpc54018.c:616:11:PIN_INT3_IRQHandler	8	static
startup_lpc54018.c:620:11:UTICK0_IRQHandler	8	static
startup_lpc54018.c:624:11:MRT0_IRQHandler	8	static
startup_lpc54018.c:628:11:CTIMER0_IRQHandler	8	static
startup_lpc54018.c:632:11:CTIMER1_IRQHandler	8	static
startup_lpc54018.c:636:11:SCT0_IRQHandler	8	static
startup_lpc54018.c:640:11:CTIMER3_IRQHandler	8	static
startup_lpc54018.c:644:11:FLEXCOMM0_IRQHandler	8	static
startup_lpc54018.c:648:11:FLEXCOMM1_IRQHandler	8	static
startup_lpc54018.c:652:11:FLEXCOMM2_IRQHandler	8	static
startup_lpc54018.c:656:11:FLEXCOMM3_IRQHandler	8	static
startup_lpc54018.c:660:11:FLEXCOMM4_IRQHandler	8	static
startup_lpc54018.c:664:11:FLEXCOMM5_IRQHandler	8	static
startup_lpc54018.c:668:11:FLEXCOMM6_IRQHandler	8	static
startup_lpc54018.c:672:11:FLEXCOMM7_IRQHandler	8	static
startup_lpc54018.c:676:11:ADC0_SEQA_IRQHandler	8	static
startup_lpc54018.c:680:11:ADC0_SEQB_IRQHandler	8	static
startup_lpc54018.c:684:11:ADC0_THCMP_IRQHandler	8	static
startup_lpc54018.c:688:11:DMIC0_IRQHandler	8	static
startup_lpc54018.c:692:11:HWVAD0_IRQHandler	8	static
startup_lpc54018.c:696:11:USB0_NEEDCLK_IRQHandler	8	static
startup_lpc54018.c:700:11:USB0_IRQHandler	8	static
startup_lpc54018.c:704:11:RTC_IRQHandler	8	static
startup_lpc54018.c:708:11:FLEXCOMM10_IRQHandler	8	static
startup_lpc54018.c:712:11:Reserved47_IRQHandler	8	static
startup_lpc54018.c:716:11:PIN_INT4_IRQHandler	8	static
startup_lpc54018.c:720:11:PIN_INT5_IRQHandler	8	static
startup_lpc54018.c:724:11:PIN_INT6_IRQHandler	8	static
startup_lpc54018.c:728:11:PIN_INT7_IRQHandler	8	static
startup_lpc54018.c:732:11:CTIMER2_IRQHandler	8	static
startup_lpc54018.c:736:11:CTIMER4_IRQHandler	8	static
startup_lpc54018.c:740:11:RIT_IRQHandler	8	static
startup_lpc54018.c:744:11:SPIFI0_IRQHandler	8	static
startup_lpc54018.c:748:11:FLEXCOMM8_IRQHandler	8	static
startup_lpc54018.c:752:11:FLEXCOMM9_IRQHandler	8	static
startup_lpc54018.c:756:11:SDIO_IRQHandler	8	static
startup_lpc54018.c:760:11:CAN0_IRQ0_IRQHandler	8	static
startup_lpc54018.c:764:11:CAN0_IRQ1_IRQHandler	8	static
startup_lpc54018.c:768:11:CAN1_IRQ0_IRQHandler	8	static
startup_lpc54018.c:772:11:CAN1_IRQ1_IRQHandler	8	static
startup_lpc54018.c:776:11:USB1_IRQHandler	8	static
startup_lpc54018.c:780:11:USB1_NEEDCLK_IRQHandler	8	static
startup_lpc54018.c:784:11:ETHERNET_IRQHandler	8	static
startup_lpc54018.c:788:11:ETHERNET_PMT_IRQHandler	8	static
startup_lpc54018.c:792:11:ETHERNET_MACLP_IRQHandler	8	static
startup_lpc54018.c:796:11:Reserved68_IRQHandler	8	static
startup_lpc54018.c:800:11:LCD_IRQHandler	8	static
startup_lpc54018.c:804:11:SHA_IRQHandler	8	static
startup_lpc54018.c:808:11:SMARTCARD0_IRQHandler	8	static
startup_lpc54018.c:812:11:SMARTCARD1_IRQHandler	8	static
