core_cm4.h:1770:22:__NVIC_ClearPendingIRQ	16	static
fsl_clock.h:700:20:CLOCK_EnableClock	24	static
fsl_clock.h:714:20:CLOCK_DisableClock	24	static
fsl_gpio.h:153:20:GPIO_PinWrite	24	static
fsl_gpio.h:172:24:GPIO_PinRead	24	static
fsl_power.h:113:20:POWER_DisablePD	16	static
main.c:55:6:USB_DeviceClockInit	16	static
main.c:110:13:printSeparator	8	static
main.c:115:13:menuConnectToAP	8	static
main.c:158:13:print_version	96	static
main.c:234:6:chain1_task2	40	static
main.c:273:6:chain1_task1	40	static
main.c:332:6:task_loop	32	static
main.c:379:6:UUniFast	56	static
main.c:391:7:randomValue	24	static
main.c:399:6:CSet_generate	48	static
main.c:412:6:task_main	64	static
main.c:533:5:main	24	static
