core_cm4.h:1679:22:__NVIC_EnableIRQ	16	static
core_cm4.h:1809:22:__NVIC_SetPriority	16	static
fsl_common.h:484:28:EnableIRQ	16	static
fsl_common.h:552:28:DisableGlobalIRQ	16	static
fsl_common.h:583:24:EnableGlobalIRQ	24	static
serial_port_usb.c:189:32:USB_DeviceGetInstanceFromDeviceHandle	16	static
serial_port_usb.c:203:32:USB_DeviceGetInstanceFromClassHandle	16	static
serial_port_usb.c:217:21:USB_DeviceAddItem	24	static
serial_port_usb.c:247:21:USB_DeviceRemoveItem	32	static
serial_port_usb.c:289:21:USB_DeviceCdcVcomCallback	64	static
serial_port_usb.c:544:21:USB_DeviceCallback	48	static
serial_port_usb.c:710:6:USB1_IRQHandler	16	static
serial_port_usb.c:726:13:USB_DeviceIsrEnable	24	static
serial_port_usb.c:757:25:Serial_UsbCdcInit	24	static
serial_port_usb.c:800:25:Serial_UsbCdcDeinit	24	static
serial_port_usb.c:820:25:Serial_UsbCdcWrite	32	static
serial_port_usb.c:876:25:Serial_UsbCdcRead	40	static
serial_port_usb.c:929:25:Serial_UsbCdcCancelWrite	24	static
serial_port_usb.c:941:25:Serial_UsbCdcInstallTxCallback	32	static
serial_port_usb.c:957:25:Serial_UsbCdcInstallRxCallback	32	static
serial_port_usb.c:973:6:Serial_UsbCdcIsrFunction	24	static
