core_cm4.h:1679:22:__NVIC_EnableIRQ	16	static
core_cm4.h:1809:22:__NVIC_SetPriority	16	static
fsl_common.h:484:28:EnableIRQ	16	static
fsl_usart.h:328:24:USART_GetStatusFlags	16	static
fsl_usart.h:348:20:USART_ClearStatusFlags	16	static
fsl_usart.h:374:20:USART_EnableInterrupts	16	static
fsl_usart.h:392:20:USART_DisableInterrupts	16	static
fsl_usart.h:404:24:USART_GetEnabledInterrupts	16	static
fsl_usart.h:514:20:USART_WriteByte	16	static
fsl_usart.h:528:23:USART_ReadByte	16	static
usart_adapter.c:115:26:HAL_UartGetStatus	16	static
usart_adapter.c:155:13:HAL_UartInterruptHandle	40	static
usart_adapter.c:216:19:HAL_UartInit	40	static
usart_adapter.c:284:19:HAL_UartDeinit	24	static
usart_adapter.c:297:19:HAL_UartReceiveBlocking	32	static
usart_adapter.c:319:19:HAL_UartSendBlocking	32	static
usart_adapter.c:340:19:HAL_UartEnterLowpower	16	static
usart_adapter.c:347:19:HAL_UartExitLowpower	16	static
usart_adapter.c:467:19:HAL_UartInstallCallback	32	static
usart_adapter.c:484:19:HAL_UartReceiveNonBlocking	32	static
usart_adapter.c:506:19:HAL_UartSendNonBlocking	32	static
usart_adapter.c:527:19:HAL_UartGetReceiveCount	24	static
usart_adapter.c:544:19:HAL_UartGetSendCount	24	static
usart_adapter.c:561:19:HAL_UartAbortReceive	24	static
usart_adapter.c:579:19:HAL_UartAbortSend	24	static
usart_adapter.c:620:6:HAL_UartIsrFunction	24	static
