fsl_clock.h:700:20:CLOCK_EnableClock	24	static
fsl_clock.h:714:20:CLOCK_DisableClock	24	static
fsl_clock.h:884:35:CLOCK_GetAsyncApbClkSrc	4	static
fsl_clock.h:957:22:CLOCK_IsSystemPLLLocked	4	static
fsl_clock.h:965:22:CLOCK_IsUsbPLLLocked	4	static
fsl_clock.h:973:22:CLOCK_IsAudioPLLLocked	4	static
fsl_clock.h:981:22:CLOCK_Enable_SysOsc	16	static
fsl_power.h:101:20:POWER_EnablePD	16	static
fsl_power.h:113:20:POWER_DisablePD	16	static
fsl_clock.c:159:17:CLOCK_GetRomVersion	64	static
fsl_clock.c:187:6:CLOCK_SetupFROClocking	24	static
fsl_clock.c:220:6:CLOCK_AttachClk	32	static
fsl_clock.c:267:19:CLOCK_GetClockAttachId	48	static
fsl_clock.c:317:6:CLOCK_SetClkDiv	24	static
fsl_clock.c:340:10:CLOCK_GetClockOutClkFreq	16	static
fsl_clock.c:389:10:CLOCK_GetSpifiClkFreq	16	static
fsl_clock.c:425:10:CLOCK_GetAdcClkFreq	16	static
fsl_clock.c:458:10:CLOCK_GetUsb0ClkFreq	16	static
fsl_clock.c:489:10:CLOCK_GetUsb1ClkFreq	16	static
fsl_clock.c:520:10:CLOCK_GetMclkClkFreq	16	static
fsl_clock.c:548:10:CLOCK_GetSctClkFreq	16	static
fsl_clock.c:582:10:CLOCK_GetSdioClkFreq	16	static
fsl_clock.c:618:10:CLOCK_GetLcdClkFreq	16	static
fsl_clock.c:649:10:CLOCK_GetLcdClkIn	4	static
fsl_clock.c:658:10:CLOCK_GetFro12MFreq	4	static
fsl_clock.c:667:10:CLOCK_GetExtClkFreq	4	static
fsl_clock.c:676:10:CLOCK_GetWdtOscFreq	16	static
fsl_clock.c:696:10:CLOCK_GetFroHfFreq	4	static
fsl_clock.c:718:10:CLOCK_GetPllOutFreq	4	static
fsl_clock.c:727:10:CLOCK_GetAudioPllOutFreq	4	static
fsl_clock.c:736:10:CLOCK_GetUsbPllOutFreq	4	static
fsl_clock.c:745:10:CLOCK_GetOsc32KFreq	4	static
fsl_clock.c:754:10:CLOCK_GetCoreSysClkFreq	16	static
fsl_clock.c:802:10:CLOCK_GetI2SMClkFreq	4	static
fsl_clock.c:811:10:CLOCK_GetAsyncApbClkFreq	16	static
fsl_clock.c:839:10:CLOCK_GetMCanClkFreq	24	static
fsl_clock.c:863:10:CLOCK_GetFlexCommClkFreq	24	static
fsl_clock.c:921:10:CLOCK_GetFRGInputClock	16	static
fsl_clock.c:952:10:CLOCK_GetFrgClkFreq	16	static
fsl_clock.c:974:10:CLOCK_GetDmicClkFreq	16	static
fsl_clock.c:1008:10:CLOCK_SetFRGClock	32	static
fsl_clock.c:1032:10:CLOCK_GetFreq	24	static
fsl_clock.c:1080:17:pllEncodeN	24	static
fsl_clock.c:1112:17:pllDecodeN	32	static
fsl_clock.c:1151:17:pllEncodeP	24	static
fsl_clock.c:1183:17:pllDecodeP	32	static
fsl_clock.c:1222:17:pllEncodeM	24	static
fsl_clock.c:1254:17:pllDecodeM	32	static
fsl_clock.c:1293:13:pllFindSel	24	static
fsl_clock.c:1340:17:findPllPreDiv	24	static
fsl_clock.c:1360:17:findPllPostDiv	24	static
fsl_clock.c:1380:17:findPllMMult	24	static
fsl_clock.c:1396:17:power2Cal	24	static
fsl_clock.c:1409:15:Binary2Fractional	40	static
fsl_clock.c:1420:17:FindGreatestCommonDivisor	24	static
fsl_clock.c:1440:20:CLOCK_GetPllConfigInternal	80	static
fsl_clock.c:1562:20:CLOCK_GetPllConfig	32	static
fsl_clock.c:1611:13:CLOCK_GetSystemPLLOutFromSetupUpdate	16	static
fsl_clock.c:1617:13:CLOCK_GetAudioPLLOutFromSetupUpdate	16	static
fsl_clock.c:1623:13:CLOCK_GetAudioPLLOutFromAudioFracSetupUpdate	16	static
fsl_clock.c:1629:13:CLOCK_GetUsbPLLOutFromSetupUpdate	16	static
fsl_clock.c:1638:10:CLOCK_GetSystemPLLInClockRate	16	static
fsl_clock.c:1672:10:CLOCK_GetAudioPLLInClockRate	16	static
fsl_clock.c:1699:10:CLOCK_GetSystemPLLOutFromSetup	56	static
fsl_clock.c:1757:10:CLOCK_GetUsbPLLOutFromSetup	72	static
fsl_clock.c:1791:10:CLOCK_GetAudioPLLOutFromSetup	56	static
fsl_clock.c:1848:10:CLOCK_GetAudioPLLOutFromFractSetup	56	static
fsl_clock.c:1905:6:CLOCK_SetStoredPLLClockRate	16	static
fsl_clock.c:1915:6:CLOCK_SetStoredAudioPLLClockRate	16	static
fsl_clock.c:1921:6:CLOCK_SetStoredUsbPLLClockRate	16	static
fsl_clock.c:1934:10:CLOCK_GetSystemPLLOutClockRate	48	static
fsl_clock.c:1962:10:CLOCK_GetAudioPLLOutClockRate	48	static
fsl_clock.c:1982:10:CLOCK_GetUsbPLLOutClockRate	32	static
fsl_clock.c:2012:13:CLOCK_SetupPLLData	24	static
fsl_clock.c:2044:13:CLOCK_SetupSystemPLLPrec	24	static
fsl_clock.c:2123:13:CLOCK_SetupAudioPLLPrec	24	static
fsl_clock.c:2198:13:CLOCK_SetupAudioPLLPrecFract	16	static
fsl_clock.c:2247:13:CLOCK_SetupAudioPLLData	24	static
fsl_clock.c:2279:13:CLOCK_SetPLLFreq	24	static
fsl_clock.c:2350:13:CLOCK_SetAudioPLLFreq	24	static
fsl_clock.c:2424:13:CLOCK_SetUsbPLLFreq	32	static
fsl_clock.c:2526:6:CLOCK_SetupSystemPLLMult	48	static
fsl_clock.c:2621:6:CLOCK_EnableUsbfs0DeviceClock	32	static
fsl_clock.c:2673:6:CLOCK_EnableUsbfs0HostClock	32	static
fsl_clock.c:2727:6:CLOCK_EnableUsbhs0DeviceClock	32	static
fsl_clock.c:2781:6:CLOCK_EnableUsbhs0HostClock	32	static
