wlan_qcom.c:47:6:printHeapFree	16	static
wlan_qcom.c:56:13:printError	16	static
wlan_qcom.c:61:12:isQcomError	16	static
wlan_qcom.c:74:12:isValueFailed	24	static
wlan_qcom.c:93:5:traceQcomApi	24	static
wlan_qcom.c:115:6:getDhcp	48	static
wlan_qcom.c:154:6:printIpConfig	80	static
wlan_qcom.c:169:13:onConnect	16	static
wlan_qcom.c:209:5:isConnected	4	static
wlan_qcom.c:214:13:apConnectParamsPrint	64	static
wlan_qcom.c:245:14:getSecurityStr	24	static
wlan_qcom.c:268:6:apScan	88	static
wlan_qcom.c:319:6:apConnect	32	static
wlan_qcom.c:364:6:apDisconnect	16	static
wlan_qcom.c:374:10:resolveHostname	32	static
wlan_qcom.c:391:10:pingHost	40	static
wlan_qcom.c:415:6:resolveManyHosts	40	static
wlan_qcom.c:442:13:udpHelp	32	static
wlan_qcom.c:449:6:udpBind	32	static
wlan_qcom.c:483:5:udpPollAndRecv	40	static
wlan_qcom.c:520:5:udpSendEcho	24	static
wlan_qcom.c:542:10:uxPortResolveHostnameSilent	24	static
wlan_qcom.c:548:5:xIsValueFailed	24	static
wlan_qcom.c:553:6:vPortSyslogSend	48	static
wlan_qcom.c:586:6:readUdpMessage	16	static
wlan_qcom.c:598:6:clearBuffer	8	static
wlan_qcom.c:618:6:httpGet	96	static
